// Vitest Snapshot v1, https://vitest.dev/guide/snapshot.html

exports[`POLICIES > matches the documented starter values 1`] = `
{
  "account-delete": {
    "pro": {
      "failMode": "closed",
      "limit": 5,
      "windowMs": 900000,
    },
    "solo": {
      "failMode": "closed",
      "limit": 5,
      "windowMs": 900000,
    },
    "team": {
      "failMode": "closed",
      "limit": 5,
      "windowMs": 900000,
    },
  },
  "analyze": {
    "pro": {
      "limit": 24,
      "windowMs": 3600000,
    },
    "solo": {
      "limit": 12,
      "windowMs": 3600000,
    },
    "team": {
      "limit": 48,
      "windowMs": 3600000,
    },
  },
  "chat": {
    "pro": {
      "limit": 120,
      "windowMs": 900000,
    },
    "solo": {
      "limit": 60,
      "windowMs": 900000,
    },
    "team": {
      "limit": 240,
      "windowMs": 900000,
    },
  },
  "contract-delete": {
    "pro": {
      "failMode": "closed",
      "limit": 60,
      "windowMs": 900000,
    },
    "solo": {
      "failMode": "closed",
      "limit": 60,
      "windowMs": 900000,
    },
    "team": {
      "failMode": "closed",
      "limit": 60,
      "windowMs": 900000,
    },
  },
  "upload": {
    "pro": {
      "limit": 20,
      "windowMs": 3600000,
    },
    "solo": {
      "limit": 10,
      "windowMs": 3600000,
    },
    "team": {
      "limit": 40,
      "windowMs": 3600000,
    },
  },
}
`;
